olleh
dlrow
racecar
nohtyP
emordnilaP
madam
elppa
