world hello
fun is java
algorithms and structures data
amazing is openai
hi
